2026-09-29T05:19:18.523Z  INFO 1 --- [main] com.structurizr.server.Local             : ***********************************************************************************
2026-09-29T05:19:18.536Z  INFO 1 --- [main] com.structurizr.server.Local             :   _____ _                   _              _          
2026-09-29T05:19:18.536Z  INFO 1 --- [main] com.structurizr.server.Local             :  / ____| |                 | |            (_)         
2026-09-29T05:19:18.537Z  INFO 1 --- [main] com.structurizr.server.Local             : | (___ | |_ _ __ _   _  ___| |_ _   _ _ __ _ _____ __ 
2026-09-29T05:19:18.537Z  INFO 1 --- [main] com.structurizr.server.Local             :  \___ \| __| '__| | | |/ __| __| | | | '__| |_  / '__|
2026-09-29T05:19:18.538Z  INFO 1 --- [main] com.structurizr.server.Local             :  ____) | |_| |  | |_| | (__| |_| |_| | |  | |/ /| |   
2026-09-29T05:19:18.538Z  INFO 1 --- [main] com.structurizr.server.Local             : |_____/ \__|_|   \__,_|\___|\__|\__,_|_|  |_/___|_|   
2026-09-29T05:19:18.539Z  INFO 1 --- [main] com.structurizr.server.Local             :                                                       
2026-09-29T05:19:18.540Z  INFO 1 --- [main] com.structurizr.server.Local             : Local v2026.09.19
2026-09-29T05:19:18.540Z  INFO 1 --- [main] com.structurizr.server.Local             : ***********************************************************************************
2026-09-29T05:19:18.541Z  INFO 1 --- [main] com.structurizr.server.Local             :  - structurizr.authentication: none
2026-09-29T05:19:18.542Z  INFO 1 --- [main] com.structurizr.server.Local             :  - structurizr.autorefreshinterval: 0
2026-09-29T05:19:18.543Z  INFO 1 --- [main] com.structurizr.server.Local             :  - structurizr.autosaveinterval: 5000
2026-09-29T05:19:18.543Z  INFO 1 --- [main] com.structurizr.server.Local             :  - structurizr.cache: none
2026-09-29T05:19:18.543Z  INFO 1 --- [main] com.structurizr.server.Local             :  - structurizr.data: file
2026-09-29T05:19:18.544Z  INFO 1 --- [main] com.structurizr.server.Local             :  - structurizr.datadirectory: /usr/local/structurizr
2026-09-29T05:19:18.545Z  INFO 1 --- [main] com.structurizr.server.Local             :  - structurizr.debug: false
2026-09-29T05:19:18.545Z  INFO 1 --- [main] com.structurizr.server.Local             :  - structurizr.editable: true
2026-09-29T05:19:18.546Z  INFO 1 --- [main] com.structurizr.server.Local             :  - structurizr.logging.filename: /usr/local/structurizr/.structurizr/logs/structurizr.log
2026-09-29T05:19:18.546Z  INFO 1 --- [main] com.structurizr.server.Local             :  - structurizr.network.timeout: 60000
2026-09-29T05:19:18.547Z  INFO 1 --- [main] com.structurizr.server.Local             :  - structurizr.network.urls.allowed: .*
2026-09-29T05:19:18.547Z  INFO 1 --- [main] com.structurizr.server.Local             :  - structurizr.search: lucene
2026-09-29T05:19:18.548Z  INFO 1 --- [main] com.structurizr.server.Local             :  - structurizr.themes: /usr/local/structurizr/themes/
2026-09-29T05:19:18.549Z  INFO 1 --- [main] com.structurizr.server.Local             :  - structurizr.workspace.maxsize: 1MB
2026-09-29T05:19:18.549Z  INFO 1 --- [main] com.structurizr.server.Local             :  - structurizr.workspace.threads: 10
2026-09-29T05:19:18.550Z  INFO 1 --- [main] com.structurizr.server.Local             :  - structurizr.workspaces: 1
2026-09-29T05:19:18.550Z  INFO 1 --- [main] com.structurizr.server.Local             : ***********************************************************************************
2026-09-29T05:19:18.551Z  INFO 1 --- [main] com.structurizr.server.Local             : Themes:
2026-09-29T05:19:18.552Z  INFO 1 --- [main] com.structurizr.server.Local             : ***********************************************************************************
2026-09-29T05:19:24.773Z  WARN 1 --- [pool-3-thread-1] com.structurizr.view.Configuration       : The Structurizr cloud service will reach its End of Life (EOL) on 30 September 2026 and this theme will not be available: https://static.structurizr.com/themes/default/theme.json
2026-09-29T05:19:24.809Z  WARN 1 --- [pool-4-thread-1] com.structurizr.view.Configuration       : The Structurizr cloud service will reach its End of Life (EOL) on 30 September 2026 and this theme will not be available: https://static.structurizr.com/themes/default/theme.json
2026-09-29T05:19:24.879Z  WARN 1 --- [pool-4-thread-1] com.structurizr.view.Configuration       : The Structurizr cloud service will reach its End of Life (EOL) on 30 September 2026 and this theme will not be available: https://static.structurizr.com/themes/default/theme.json
2026-09-29T05:19:32.517Z  WARN 1 --- [http-nio-8080-exec-1] com.structurizr.view.Configuration       : The Structurizr cloud service will reach its End of Life (EOL) on 30 September 2026 and this theme will not be available: https://static.structurizr.com/themes/default/theme.json
2026-09-29T05:19:32.545Z  WARN 1 --- [http-nio-8080-exec-1] com.structurizr.view.Configuration       : The Structurizr cloud service will reach its End of Life (EOL) on 30 September 2026 and this theme will not be available: https://static.structurizr.com/themes/default/theme.json
2026-09-29T05:19:39.770Z  WARN 1 --- [http-nio-8080-exec-9] com.structurizr.view.Configuration       : The Structurizr cloud service will reach its End of Life (EOL) on 30 September 2026 and this theme will not be available: https://static.structurizr.com/themes/default/theme.json
2026-09-29T05:19:39.771Z  WARN 1 --- [http-nio-8080-exec-10] com.structurizr.view.Configuration       : The Structurizr cloud service will reach its End of Life (EOL) on 30 September 2026 and this theme will not be available: https://static.structurizr.com/themes/default/theme.json
2026-09-29T05:19:39.771Z  WARN 1 --- [http-nio-8080-exec-1] com.structurizr.view.Configuration       : The Structurizr cloud service will reach its End of Life (EOL) on 30 September 2026 and this theme will not be available: https://static.structurizr.com/themes/default/theme.json
2026-09-29T05:19:39.831Z  WARN 1 --- [http-nio-8080-exec-2] com.structurizr.view.Configuration       : The Structurizr cloud service will reach its End of Life (EOL) on 30 September 2026 and this theme will not be available: https://static.structurizr.com/themes/default/theme.json
2026-09-29T05:19:39.831Z  WARN 1 --- [http-nio-8080-exec-3] com.structurizr.view.Configuration       : The Structurizr cloud service will reach its End of Life (EOL) on 30 September 2026 and this theme will not be available: https://static.structurizr.com/themes/default/theme.json
2026-09-29T05:19:39.832Z  WARN 1 --- [http-nio-8080-exec-6] com.structurizr.view.Configuration       : The Structurizr cloud service will reach its End of Life (EOL) on 30 September 2026 and this theme will not be available: https://static.structurizr.com/themes/default/theme.json
2026-09-29T05:19:39.864Z  WARN 1 --- [http-nio-8080-exec-7] com.structurizr.view.Configuration       : The Structurizr cloud service will reach its End of Life (EOL) on 30 September 2026 and this theme will not be available: https://static.structurizr.com/themes/default/theme.json
2026-09-29T05:19:39.866Z  WARN 1 --- [http-nio-8080-exec-4] com.structurizr.view.Configuration       : The Structurizr cloud service will reach its End of Life (EOL) on 30 September 2026 and this theme will not be available: https://static.structurizr.com/themes/default/theme.json
2026-09-29T05:19:39.866Z  WARN 1 --- [http-nio-8080-exec-5] com.structurizr.view.Configuration       : The Structurizr cloud service will reach its End of Life (EOL) on 30 September 2026 and this theme will not be available: https://static.structurizr.com/themes/default/theme.json
2026-09-29T05:19:39.867Z  WARN 1 --- [http-nio-8080-exec-8] com.structurizr.view.Configuration       : The Structurizr cloud service will reach its End of Life (EOL) on 30 September 2026 and this theme will not be available: https://static.structurizr.com/themes/default/theme.json
2026-09-29T05:19:42.570Z  WARN 1 --- [http-nio-8080-exec-9] com.structurizr.view.Configuration       : The Structurizr cloud service will reach its End of Life (EOL) on 30 September 2026 and this theme will not be available: https://static.structurizr.com/themes/default/theme.json
2026-09-29T05:19:43.102Z  WARN 1 --- [http-nio-8080-exec-10] com.structurizr.view.Configuration       : The Structurizr cloud service will reach its End of Life (EOL) on 30 September 2026 and this theme will not be available: https://static.structurizr.com/themes/default/theme.json
2026-09-29T05:19:43.398Z  WARN 1 --- [http-nio-8080-exec-2] com.structurizr.view.Configuration       : The Structurizr cloud service will reach its End of Life (EOL) on 30 September 2026 and this theme will not be available: https://static.structurizr.com/themes/default/theme.json
2026-09-29T05:19:44.380Z  WARN 1 --- [http-nio-8080-exec-3] com.structurizr.view.Configuration       : The Structurizr cloud service will reach its End of Life (EOL) on 30 September 2026 and this theme will not be available: https://static.structurizr.com/themes/default/theme.json
2026-09-29T05:19:44.696Z  WARN 1 --- [http-nio-8080-exec-6] com.structurizr.view.Configuration       : The Structurizr cloud service will reach its End of Life (EOL) on 30 September 2026 and this theme will not be available: https://static.structurizr.com/themes/default/theme.json
2026-09-29T05:19:45.437Z  WARN 1 --- [http-nio-8080-exec-4] com.structurizr.view.Configuration       : The Structurizr cloud service will reach its End of Life (EOL) on 30 September 2026 and this theme will not be available: https://static.structurizr.com/themes/default/theme.json
2026-09-29T05:19:45.735Z  WARN 1 --- [http-nio-8080-exec-8] com.structurizr.view.Configuration       : The Structurizr cloud service will reach its End of Life (EOL) on 30 September 2026 and this theme will not be available: https://static.structurizr.com/themes/default/theme.json
2026-09-29T05:19:45.981Z  WARN 1 --- [http-nio-8080-exec-5] com.structurizr.view.Configuration       : The Structurizr cloud service will reach its End of Life (EOL) on 30 September 2026 and this theme will not be available: https://static.structurizr.com/themes/default/theme.json
2026-09-29T05:19:45.981Z  WARN 1 --- [http-nio-8080-exec-1] com.structurizr.view.Configuration       : The Structurizr cloud service will reach its End of Life (EOL) on 30 September 2026 and this theme will not be available: https://static.structurizr.com/themes/default/theme.json
2026-09-29T05:26:15.931Z  WARN 1 --- [http-nio-8080-exec-3] com.structurizr.view.Configuration       : The Structurizr cloud service will reach its End of Life (EOL) on 30 September 2026 and this theme will not be available: https://static.structurizr.com/themes/default/theme.json
2026-09-29T05:26:15.968Z  WARN 1 --- [http-nio-8080-exec-3] com.structurizr.view.Configuration       : The Structurizr cloud service will reach its End of Life (EOL) on 30 September 2026 and this theme will not be available: https://static.structurizr.com/themes/default/theme.json
2026-09-29T05:26:15.989Z  WARN 1 --- [http-nio-8080-exec-3] com.structurizr.view.Configuration       : The Structurizr cloud service will reach its End of Life (EOL) on 30 September 2026 and this theme will not be available: https://static.structurizr.com/themes/default/theme.json
2026-09-29T05:26:16.239Z  WARN 1 --- [http-nio-8080-exec-3] com.structurizr.view.Configuration       : The Structurizr cloud service will reach its End of Life (EOL) on 30 September 2026 and this theme will not be available: https://static.structurizr.com/themes/default/theme.json
2026-09-29T05:26:16.239Z  WARN 1 --- [http-nio-8080-exec-6] com.structurizr.view.Configuration       : The Structurizr cloud service will reach its End of Life (EOL) on 30 September 2026 and this theme will not be available: https://static.structurizr.com/themes/default/theme.json
2026-09-29T05:26:16.239Z  WARN 1 --- [http-nio-8080-exec-7] com.structurizr.view.Configuration       : The Structurizr cloud service will reach its End of Life (EOL) on 30 September 2026 and this theme will not be available: https://static.structurizr.com/themes/default/theme.json
2026-09-29T05:26:16.239Z  WARN 1 --- [http-nio-8080-exec-4] com.structurizr.view.Configuration       : The Structurizr cloud service will reach its End of Life (EOL) on 30 September 2026 and this theme will not be available: https://static.structurizr.com/themes/default/theme.json
2026-09-29T05:26:16.240Z  WARN 1 --- [http-nio-8080-exec-8] com.structurizr.view.Configuration       : The Structurizr cloud service will reach its End of Life (EOL) on 30 September 2026 and this theme will not be available: https://static.structurizr.com/themes/default/theme.json
2026-09-29T05:26:16.240Z  WARN 1 --- [http-nio-8080-exec-10] com.structurizr.view.Configuration       : The Structurizr cloud service will reach its End of Life (EOL) on 30 September 2026 and this theme will not be available: https://static.structurizr.com/themes/default/theme.json
2026-09-29T05:26:16.257Z  WARN 1 --- [http-nio-8080-exec-5] com.structurizr.view.Configuration       : The Structurizr cloud service will reach its End of Life (EOL) on 30 September 2026 and this theme will not be available: https://static.structurizr.com/themes/default/theme.json
2026-09-29T05:26:16.257Z  WARN 1 --- [http-nio-8080-exec-1] com.structurizr.view.Configuration       : The Structurizr cloud service will reach its End of Life (EOL) on 30 September 2026 and this theme will not be available: https://static.structurizr.com/themes/default/theme.json
2026-09-29T05:26:16.258Z  WARN 1 --- [http-nio-8080-exec-9] com.structurizr.view.Configuration       : The Structurizr cloud service will reach its End of Life (EOL) on 30 September 2026 and this theme will not be available: https://static.structurizr.com/themes/default/theme.json
2026-09-29T05:26:16.264Z  WARN 1 --- [http-nio-8080-exec-4] com.structurizr.view.Configuration       : The Structurizr cloud service will reach its End of Life (EOL) on 30 September 2026 and this theme will not be available: https://static.structurizr.com/themes/default/theme.json
2026-09-29T05:26:16.327Z  WARN 1 --- [http-nio-8080-exec-8] com.structurizr.view.Configuration       : The Structurizr cloud service will reach its End of Life (EOL) on 30 September 2026 and this theme will not be available: https://static.structurizr.com/themes/default/theme.json
2026-09-29T05:26:16.327Z  WARN 1 --- [http-nio-8080-exec-3] com.structurizr.view.Configuration       : The Structurizr cloud service will reach its End of Life (EOL) on 30 September 2026 and this theme will not be available: https://static.structurizr.com/themes/default/theme.json
2026-09-29T05:26:52.304Z  WARN 1 --- [http-nio-8080-exec-7] com.structurizr.view.Configuration       : The Structurizr cloud service will reach its End of Life (EOL) on 30 September 2026 and this theme will not be available: https://static.structurizr.com/themes/default/theme.json
2026-09-29T05:26:52.316Z  WARN 1 --- [http-nio-8080-exec-7] com.structurizr.view.Configuration       : The Structurizr cloud service will reach its End of Life (EOL) on 30 September 2026 and this theme will not be available: https://static.structurizr.com/themes/default/theme.json
2026-09-29T05:26:52.329Z  WARN 1 --- [http-nio-8080-exec-7] com.structurizr.view.Configuration       : The Structurizr cloud service will reach its End of Life (EOL) on 30 September 2026 and this theme will not be available: https://static.structurizr.com/themes/default/theme.json
2026-09-29T05:26:52.551Z  WARN 1 --- [http-nio-8080-exec-6] com.structurizr.view.Configuration       : The Structurizr cloud service will reach its End of Life (EOL) on 30 September 2026 and this theme will not be available: https://static.structurizr.com/themes/default/theme.json
2026-09-29T05:26:52.551Z  WARN 1 --- [http-nio-8080-exec-4] com.structurizr.view.Configuration       : The Structurizr cloud service will reach its End of Life (EOL) on 30 September 2026 and this theme will not be available: https://static.structurizr.com/themes/default/theme.json
2026-09-29T05:26:52.551Z  WARN 1 --- [http-nio-8080-exec-3] com.structurizr.view.Configuration       : The Structurizr cloud service will reach its End of Life (EOL) on 30 September 2026 and this theme will not be available: https://static.structurizr.com/themes/default/theme.json
2026-09-29T05:26:52.552Z  WARN 1 --- [http-nio-8080-exec-1] com.structurizr.view.Configuration       : The Structurizr cloud service will reach its End of Life (EOL) on 30 September 2026 and this theme will not be available: https://static.structurizr.com/themes/default/theme.json
2026-09-29T05:26:52.552Z  WARN 1 --- [http-nio-8080-exec-10] com.structurizr.view.Configuration       : The Structurizr cloud service will reach its End of Life (EOL) on 30 September 2026 and this theme will not be available: https://static.structurizr.com/themes/default/theme.json
2026-09-29T05:26:52.552Z  WARN 1 --- [http-nio-8080-exec-9] com.structurizr.view.Configuration       : The Structurizr cloud service will reach its End of Life (EOL) on 30 September 2026 and this theme will not be available: https://static.structurizr.com/themes/default/theme.json
2026-09-29T05:26:52.567Z  WARN 1 --- [http-nio-8080-exec-8] com.structurizr.view.Configuration       : The Structurizr cloud service will reach its End of Life (EOL) on 30 September 2026 and this theme will not be available: https://static.structurizr.com/themes/default/theme.json
2026-09-29T05:26:52.567Z  WARN 1 --- [http-nio-8080-exec-5] com.structurizr.view.Configuration       : The Structurizr cloud service will reach its End of Life (EOL) on 30 September 2026 and this theme will not be available: https://static.structurizr.com/themes/default/theme.json
2026-09-29T05:26:52.568Z  WARN 1 --- [http-nio-8080-exec-2] com.structurizr.view.Configuration       : The Structurizr cloud service will reach its End of Life (EOL) on 30 September 2026 and this theme will not be available: https://static.structurizr.com/themes/default/theme.json
2026-09-29T05:26:52.568Z  WARN 1 --- [http-nio-8080-exec-10] com.structurizr.view.Configuration       : The Structurizr cloud service will reach its End of Life (EOL) on 30 September 2026 and this theme will not be available: https://static.structurizr.com/themes/default/theme.json
2026-09-29T05:26:52.628Z  WARN 1 --- [http-nio-8080-exec-7] com.structurizr.view.Configuration       : The Structurizr cloud service will reach its End of Life (EOL) on 30 September 2026 and this theme will not be available: https://static.structurizr.com/themes/default/theme.json
2026-09-29T05:26:52.628Z  WARN 1 --- [http-nio-8080-exec-9] com.structurizr.view.Configuration       : The Structurizr cloud service will reach its End of Life (EOL) on 30 September 2026 and this theme will not be available: https://static.structurizr.com/themes/default/theme.json
2026-09-29T05:26:53.611Z  WARN 1 --- [http-nio-8080-exec-3] com.structurizr.view.Configuration       : The Structurizr cloud service will reach its End of Life (EOL) on 30 September 2026 and this theme will not be available: https://static.structurizr.com/themes/default/theme.json
2026-09-29T05:26:53.839Z  WARN 1 --- [http-nio-8080-exec-4] com.structurizr.view.Configuration       : The Structurizr cloud service will reach its End of Life (EOL) on 30 September 2026 and this theme will not be available: https://static.structurizr.com/themes/default/theme.json
2026-09-29T05:26:54.370Z  WARN 1 --- [http-nio-8080-exec-1] com.structurizr.view.Configuration       : The Structurizr cloud service will reach its End of Life (EOL) on 30 September 2026 and this theme will not be available: https://static.structurizr.com/themes/default/theme.json
2026-09-29T05:26:54.970Z  WARN 1 --- [http-nio-8080-exec-8] com.structurizr.view.Configuration       : The Structurizr cloud service will reach its End of Life (EOL) on 30 September 2026 and this theme will not be available: https://static.structurizr.com/themes/default/theme.json
2026-09-29T05:27:13.318Z  WARN 1 --- [http-nio-8080-exec-5] com.structurizr.view.Configuration       : The Structurizr cloud service will reach its End of Life (EOL) on 30 September 2026 and this theme will not be available: https://static.structurizr.com/themes/default/theme.json
2026-09-29T05:27:13.330Z  WARN 1 --- [http-nio-8080-exec-5] com.structurizr.view.Configuration       : The Structurizr cloud service will reach its End of Life (EOL) on 30 September 2026 and this theme will not be available: https://static.structurizr.com/themes/default/theme.json
2026-09-29T05:27:13.339Z  WARN 1 --- [http-nio-8080-exec-5] com.structurizr.view.Configuration       : The Structurizr cloud service will reach its End of Life (EOL) on 30 September 2026 and this theme will not be available: https://static.structurizr.com/themes/default/theme.json
2026-09-29T05:27:13.523Z  WARN 1 --- [http-nio-8080-exec-1] com.structurizr.view.Configuration       : The Structurizr cloud service will reach its End of Life (EOL) on 30 September 2026 and this theme will not be available: https://static.structurizr.com/themes/default/theme.json
2026-09-29T05:27:13.524Z  WARN 1 --- [http-nio-8080-exec-10] com.structurizr.view.Configuration       : The Structurizr cloud service will reach its End of Life (EOL) on 30 September 2026 and this theme will not be available: https://static.structurizr.com/themes/default/theme.json
2026-09-29T05:27:13.524Z  WARN 1 --- [http-nio-8080-exec-9] com.structurizr.view.Configuration       : The Structurizr cloud service will reach its End of Life (EOL) on 30 September 2026 and this theme will not be available: https://static.structurizr.com/themes/default/theme.json
2026-09-29T05:27:13.615Z  WARN 1 --- [http-nio-8080-exec-7] com.structurizr.view.Configuration       : The Structurizr cloud service will reach its End of Life (EOL) on 30 September 2026 and this theme will not be available: https://static.structurizr.com/themes/default/theme.json
2026-09-29T05:27:13.616Z  WARN 1 --- [http-nio-8080-exec-4] com.structurizr.view.Configuration       : The Structurizr cloud service will reach its End of Life (EOL) on 30 September 2026 and this theme will not be available: https://static.structurizr.com/themes/default/theme.json
2026-09-29T05:27:13.616Z  WARN 1 --- [http-nio-8080-exec-5] com.structurizr.view.Configuration       : The Structurizr cloud service will reach its End of Life (EOL) on 30 September 2026 and this theme will not be available: https://static.structurizr.com/themes/default/theme.json
2026-09-29T05:27:13.616Z  WARN 1 --- [http-nio-8080-exec-2] com.structurizr.view.Configuration       : The Structurizr cloud service will reach its End of Life (EOL) on 30 September 2026 and this theme will not be available: https://static.structurizr.com/themes/default/theme.json
2026-09-29T05:27:13.616Z  WARN 1 --- [http-nio-8080-exec-3] com.structurizr.view.Configuration       : The Structurizr cloud service will reach its End of Life (EOL) on 30 September 2026 and this theme will not be available: https://static.structurizr.com/themes/default/theme.json
2026-09-29T05:27:13.616Z  WARN 1 --- [http-nio-8080-exec-6] com.structurizr.view.Configuration       : The Structurizr cloud service will reach its End of Life (EOL) on 30 September 2026 and this theme will not be available: https://static.structurizr.com/themes/default/theme.json
2026-09-29T05:27:13.632Z  WARN 1 --- [http-nio-8080-exec-6] com.structurizr.view.Configuration       : The Structurizr cloud service will reach its End of Life (EOL) on 30 September 2026 and this theme will not be available: https://static.structurizr.com/themes/default/theme.json
2026-09-29T05:27:13.632Z  WARN 1 --- [http-nio-8080-exec-10] com.structurizr.view.Configuration       : The Structurizr cloud service will reach its End of Life (EOL) on 30 September 2026 and this theme will not be available: https://static.structurizr.com/themes/default/theme.json
2026-09-29T05:27:13.632Z  WARN 1 --- [http-nio-8080-exec-8] com.structurizr.view.Configuration       : The Structurizr cloud service will reach its End of Life (EOL) on 30 September 2026 and this theme will not be available: https://static.structurizr.com/themes/default/theme.json
2026-09-29T05:27:13.743Z  WARN 1 --- [http-nio-8080-exec-1] com.structurizr.view.Configuration       : The Structurizr cloud service will reach its End of Life (EOL) on 30 September 2026 and this theme will not be available: https://static.structurizr.com/themes/default/theme.json
2026-09-29T05:27:24.780Z  WARN 1 --- [http-nio-8080-exec-7] com.structurizr.view.Configuration       : The Structurizr cloud service will reach its End of Life (EOL) on 30 September 2026 and this theme will not be available: https://static.structurizr.com/themes/default/theme.json
2026-09-29T05:27:24.790Z  WARN 1 --- [http-nio-8080-exec-7] com.structurizr.view.Configuration       : The Structurizr cloud service will reach its End of Life (EOL) on 30 September 2026 and this theme will not be available: https://static.structurizr.com/themes/default/theme.json
2026-09-29T05:27:24.800Z  WARN 1 --- [http-nio-8080-exec-7] com.structurizr.view.Configuration       : The Structurizr cloud service will reach its End of Life (EOL) on 30 September 2026 and this theme will not be available: https://static.structurizr.com/themes/default/theme.json
2026-09-29T05:27:24.974Z  WARN 1 --- [http-nio-8080-exec-7] com.structurizr.view.Configuration       : The Structurizr cloud service will reach its End of Life (EOL) on 30 September 2026 and this theme will not be available: https://static.structurizr.com/themes/default/theme.json
2026-09-29T05:27:24.974Z  WARN 1 --- [http-nio-8080-exec-4] com.structurizr.view.Configuration       : The Structurizr cloud service will reach its End of Life (EOL) on 30 September 2026 and this theme will not be available: https://static.structurizr.com/themes/default/theme.json
2026-09-29T05:27:24.974Z  WARN 1 --- [http-nio-8080-exec-8] com.structurizr.view.Configuration       : The Structurizr cloud service will reach its End of Life (EOL) on 30 September 2026 and this theme will not be available: https://static.structurizr.com/themes/default/theme.json
2026-09-29T05:27:24.975Z  WARN 1 --- [http-nio-8080-exec-10] com.structurizr.view.Configuration       : The Structurizr cloud service will reach its End of Life (EOL) on 30 September 2026 and this theme will not be available: https://static.structurizr.com/themes/default/theme.json
2026-09-29T05:27:24.975Z  WARN 1 --- [http-nio-8080-exec-1] com.structurizr.view.Configuration       : The Structurizr cloud service will reach its End of Life (EOL) on 30 September 2026 and this theme will not be available: https://static.structurizr.com/themes/default/theme.json
2026-09-29T05:27:24.975Z  WARN 1 --- [http-nio-8080-exec-9] com.structurizr.view.Configuration       : The Structurizr cloud service will reach its End of Life (EOL) on 30 September 2026 and this theme will not be available: https://static.structurizr.com/themes/default/theme.json
2026-09-29T05:27:25.066Z  WARN 1 --- [http-nio-8080-exec-3] com.structurizr.view.Configuration       : The Structurizr cloud service will reach its End of Life (EOL) on 30 September 2026 and this theme will not be available: https://static.structurizr.com/themes/default/theme.json
2026-09-29T05:27:25.067Z  WARN 1 --- [http-nio-8080-exec-6] com.structurizr.view.Configuration       : The Structurizr cloud service will reach its End of Life (EOL) on 30 September 2026 and this theme will not be available: https://static.structurizr.com/themes/default/theme.json
2026-09-29T05:27:25.066Z  WARN 1 --- [http-nio-8080-exec-9] com.structurizr.view.Configuration       : The Structurizr cloud service will reach its End of Life (EOL) on 30 September 2026 and this theme will not be available: https://static.structurizr.com/themes/default/theme.json
2026-09-29T05:27:25.066Z  WARN 1 --- [http-nio-8080-exec-10] com.structurizr.view.Configuration       : The Structurizr cloud service will reach its End of Life (EOL) on 30 September 2026 and this theme will not be available: https://static.structurizr.com/themes/default/theme.json
2026-09-29T05:27:25.066Z  WARN 1 --- [http-nio-8080-exec-5] com.structurizr.view.Configuration       : The Structurizr cloud service will reach its End of Life (EOL) on 30 September 2026 and this theme will not be available: https://static.structurizr.com/themes/default/theme.json
2026-09-29T05:27:25.066Z  WARN 1 --- [http-nio-8080-exec-2] com.structurizr.view.Configuration       : The Structurizr cloud service will reach its End of Life (EOL) on 30 September 2026 and this theme will not be available: https://static.structurizr.com/themes/default/theme.json
2026-09-29T05:27:25.180Z  WARN 1 --- [http-nio-8080-exec-4] com.structurizr.view.Configuration       : The Structurizr cloud service will reach its End of Life (EOL) on 30 September 2026 and this theme will not be available: https://static.structurizr.com/themes/default/theme.json
2026-09-29T05:27:45.820Z  WARN 1 --- [http-nio-8080-exec-7] com.structurizr.view.Configuration       : The Structurizr cloud service will reach its End of Life (EOL) on 30 September 2026 and this theme will not be available: https://static.structurizr.com/themes/default/theme.json
2026-09-29T05:27:45.831Z ERROR 1 --- [http-nio-8080-exec-7] c.s.s.w.w.a.DiagramViewerController      : com.structurizr.dsl.StructurizrDslParserException: Unexpected tokens (expected: include, exclude, autolayout, default, animation, title, description, properties) at line 575 of /usr/local/structurizr/workspace.dsl: component backendApi "BackendCodeDiagram" {
2026-09-29T05:28:08.736Z  WARN 1 --- [http-nio-8080-exec-9] com.structurizr.view.Configuration       : The Structurizr cloud service will reach its End of Life (EOL) on 30 September 2026 and this theme will not be available: https://static.structurizr.com/themes/default/theme.json
2026-09-29T05:28:08.746Z  WARN 1 --- [http-nio-8080-exec-9] com.structurizr.view.Configuration       : The Structurizr cloud service will reach its End of Life (EOL) on 30 September 2026 and this theme will not be available: https://static.structurizr.com/themes/default/theme.json
2026-09-29T05:28:08.755Z  WARN 1 --- [http-nio-8080-exec-9] com.structurizr.view.Configuration       : The Structurizr cloud service will reach its End of Life (EOL) on 30 September 2026 and this theme will not be available: https://static.structurizr.com/themes/default/theme.json
2026-09-29T05:28:09.026Z  WARN 1 --- [http-nio-8080-exec-1] com.structurizr.view.Configuration       : The Structurizr cloud service will reach its End of Life (EOL) on 30 September 2026 and this theme will not be available: https://static.structurizr.com/themes/default/theme.json
2026-09-29T05:28:09.026Z  WARN 1 --- [http-nio-8080-exec-7] com.structurizr.view.Configuration       : The Structurizr cloud service will reach its End of Life (EOL) on 30 September 2026 and this theme will not be available: https://static.structurizr.com/themes/default/theme.json
2026-09-29T05:28:09.027Z  WARN 1 --- [http-nio-8080-exec-2] com.structurizr.view.Configuration       : The Structurizr cloud service will reach its End of Life (EOL) on 30 September 2026 and this theme will not be available: https://static.structurizr.com/themes/default/theme.json
2026-09-29T05:28:09.026Z  WARN 1 --- [http-nio-8080-exec-6] com.structurizr.view.Configuration       : The Structurizr cloud service will reach its End of Life (EOL) on 30 September 2026 and this theme will not be available: https://static.structurizr.com/themes/default/theme.json
2026-09-29T05:28:09.026Z  WARN 1 --- [http-nio-8080-exec-4] com.structurizr.view.Configuration       : The Structurizr cloud service will reach its End of Life (EOL) on 30 September 2026 and this theme will not be available: https://static.structurizr.com/themes/default/theme.json
2026-09-29T05:28:09.027Z  WARN 1 --- [http-nio-8080-exec-9] com.structurizr.view.Configuration       : The Structurizr cloud service will reach its End of Life (EOL) on 30 September 2026 and this theme will not be available: https://static.structurizr.com/themes/default/theme.json
2026-09-29T05:28:09.041Z  WARN 1 --- [http-nio-8080-exec-3] com.structurizr.view.Configuration       : The Structurizr cloud service will reach its End of Life (EOL) on 30 September 2026 and this theme will not be available: https://static.structurizr.com/themes/default/theme.json
2026-09-29T05:28:09.043Z  WARN 1 --- [http-nio-8080-exec-6] com.structurizr.view.Configuration       : The Structurizr cloud service will reach its End of Life (EOL) on 30 September 2026 and this theme will not be available: https://static.structurizr.com/themes/default/theme.json
2026-09-29T05:28:09.043Z  WARN 1 --- [http-nio-8080-exec-5] com.structurizr.view.Configuration       : The Structurizr cloud service will reach its End of Life (EOL) on 30 September 2026 and this theme will not be available: https://static.structurizr.com/themes/default/theme.json
2026-09-29T05:28:09.043Z  WARN 1 --- [http-nio-8080-exec-1] com.structurizr.view.Configuration       : The Structurizr cloud service will reach its End of Life (EOL) on 30 September 2026 and this theme will not be available: https://static.structurizr.com/themes/default/theme.json
2026-09-29T05:28:09.044Z  WARN 1 --- [http-nio-8080-exec-8] com.structurizr.view.Configuration       : The Structurizr cloud service will reach its End of Life (EOL) on 30 September 2026 and this theme will not be available: https://static.structurizr.com/themes/default/theme.json
2026-09-29T05:28:09.043Z  WARN 1 --- [http-nio-8080-exec-10] com.structurizr.view.Configuration       : The Structurizr cloud service will reach its End of Life (EOL) on 30 September 2026 and this theme will not be available: https://static.structurizr.com/themes/default/theme.json
2026-09-29T05:28:09.181Z  WARN 1 --- [http-nio-8080-exec-7] com.structurizr.view.Configuration       : The Structurizr cloud service will reach its End of Life (EOL) on 30 September 2026 and this theme will not be available: https://static.structurizr.com/themes/default/theme.json
2026-09-29T05:31:13.850Z  WARN 1 --- [http-nio-8080-exec-10] com.structurizr.view.Configuration       : The Structurizr cloud service will reach its End of Life (EOL) on 30 September 2026 and this theme will not be available: https://static.structurizr.com/themes/default/theme.json
2026-09-29T05:31:14.209Z  WARN 1 --- [http-nio-8080-exec-6] com.structurizr.view.Configuration       : The Structurizr cloud service will reach its End of Life (EOL) on 30 September 2026 and this theme will not be available: https://static.structurizr.com/themes/default/theme.json
2026-09-29T05:31:20.560Z  WARN 1 --- [http-nio-8080-exec-2] com.structurizr.view.Configuration       : The Structurizr cloud service will reach its End of Life (EOL) on 30 September 2026 and this theme will not be available: https://static.structurizr.com/themes/default/theme.json
2026-09-29T05:31:21.845Z  WARN 1 --- [http-nio-8080-exec-7] com.structurizr.view.Configuration       : The Structurizr cloud service will reach its End of Life (EOL) on 30 September 2026 and this theme will not be available: https://static.structurizr.com/themes/default/theme.json
2026-09-29T05:31:23.336Z  WARN 1 --- [http-nio-8080-exec-3] com.structurizr.view.Configuration       : The Structurizr cloud service will reach its End of Life (EOL) on 30 September 2026 and this theme will not be available: https://static.structurizr.com/themes/default/theme.json
2026-09-29T05:31:32.606Z  WARN 1 --- [http-nio-8080-exec-5] com.structurizr.view.Configuration       : The Structurizr cloud service will reach its End of Life (EOL) on 30 September 2026 and this theme will not be available: https://static.structurizr.com/themes/default/theme.json
2026-09-29T05:31:33.258Z  WARN 1 --- [http-nio-8080-exec-4] com.structurizr.view.Configuration       : The Structurizr cloud service will reach its End of Life (EOL) on 30 September 2026 and this theme will not be available: https://static.structurizr.com/themes/default/theme.json
2026-09-29T05:31:33.816Z  WARN 1 --- [http-nio-8080-exec-8] com.structurizr.view.Configuration       : The Structurizr cloud service will reach its End of Life (EOL) on 30 September 2026 and this theme will not be available: https://static.structurizr.com/themes/default/theme.json
2026-09-29T05:31:34.008Z  WARN 1 --- [http-nio-8080-exec-1] com.structurizr.view.Configuration       : The Structurizr cloud service will reach its End of Life (EOL) on 30 September 2026 and this theme will not be available: https://static.structurizr.com/themes/default/theme.json
2026-09-29T05:31:35.369Z  WARN 1 --- [http-nio-8080-exec-9] com.structurizr.view.Configuration       : The Structurizr cloud service will reach its End of Life (EOL) on 30 September 2026 and this theme will not be available: https://static.structurizr.com/themes/default/theme.json
2026-09-29T05:31:35.539Z  WARN 1 --- [http-nio-8080-exec-10] com.structurizr.view.Configuration       : The Structurizr cloud service will reach its End of Life (EOL) on 30 September 2026 and this theme will not be available: https://static.structurizr.com/themes/default/theme.json
2026-09-29T05:31:35.539Z  WARN 1 --- [http-nio-8080-exec-6] com.structurizr.view.Configuration       : The Structurizr cloud service will reach its End of Life (EOL) on 30 September 2026 and this theme will not be available: https://static.structurizr.com/themes/default/theme.json
2026-09-29T05:31:35.875Z  WARN 1 --- [http-nio-8080-exec-2] com.structurizr.view.Configuration       : The Structurizr cloud service will reach its End of Life (EOL) on 30 September 2026 and this theme will not be available: https://static.structurizr.com/themes/default/theme.json
2026-09-29T05:31:37.909Z  WARN 1 --- [http-nio-8080-exec-7] com.structurizr.view.Configuration       : The Structurizr cloud service will reach its End of Life (EOL) on 30 September 2026 and this theme will not be available: https://static.structurizr.com/themes/default/theme.json
2026-09-29T05:31:39.067Z  WARN 1 --- [http-nio-8080-exec-3] com.structurizr.view.Configuration       : The Structurizr cloud service will reach its End of Life (EOL) on 30 September 2026 and this theme will not be available: https://static.structurizr.com/themes/default/theme.json
2026-09-29T05:36:15.436Z  WARN 1 --- [http-nio-8080-exec-8] com.structurizr.view.Configuration       : The Structurizr cloud service will reach its End of Life (EOL) on 30 September 2026 and this theme will not be available: https://static.structurizr.com/themes/default/theme.json
2026-09-29T05:36:15.908Z  WARN 1 --- [http-nio-8080-exec-1] com.structurizr.view.Configuration       : The Structurizr cloud service will reach its End of Life (EOL) on 30 September 2026 and this theme will not be available: https://static.structurizr.com/themes/default/theme.json
2026-09-29T05:36:31.543Z  WARN 1 --- [http-nio-8080-exec-9] com.structurizr.view.Configuration       : The Structurizr cloud service will reach its End of Life (EOL) on 30 September 2026 and this theme will not be available: https://static.structurizr.com/themes/default/theme.json
2026-09-29T05:36:32.825Z  WARN 1 --- [http-nio-8080-exec-6] com.structurizr.view.Configuration       : The Structurizr cloud service will reach its End of Life (EOL) on 30 September 2026 and this theme will not be available: https://static.structurizr.com/themes/default/theme.json
2026-09-29T05:36:34.668Z  WARN 1 --- [http-nio-8080-exec-10] com.structurizr.view.Configuration       : The Structurizr cloud service will reach its End of Life (EOL) on 30 September 2026 and this theme will not be available: https://static.structurizr.com/themes/default/theme.json
2026-09-29T05:36:36.756Z  WARN 1 --- [http-nio-8080-exec-2] com.structurizr.view.Configuration       : The Structurizr cloud service will reach its End of Life (EOL) on 30 September 2026 and this theme will not be available: https://static.structurizr.com/themes/default/theme.json
2026-09-29T05:36:37.267Z  WARN 1 --- [http-nio-8080-exec-7] com.structurizr.view.Configuration       : The Structurizr cloud service will reach its End of Life (EOL) on 30 September 2026 and this theme will not be available: https://static.structurizr.com/themes/default/theme.json
2026-09-29T05:36:38.474Z  WARN 1 --- [http-nio-8080-exec-3] com.structurizr.view.Configuration       : The Structurizr cloud service will reach its End of Life (EOL) on 30 September 2026 and this theme will not be available: https://static.structurizr.com/themes/default/theme.json
2026-09-29T05:36:38.915Z  WARN 1 --- [http-nio-8080-exec-5] com.structurizr.view.Configuration       : The Structurizr cloud service will reach its End of Life (EOL) on 30 September 2026 and this theme will not be available: https://static.structurizr.com/themes/default/theme.json
2026-09-29T05:37:42.352Z  WARN 1 --- [http-nio-8080-exec-8] com.structurizr.view.Configuration       : The Structurizr cloud service will reach its End of Life (EOL) on 30 September 2026 and this theme will not be available: https://static.structurizr.com/themes/default/theme.json
2026-09-29T05:37:42.361Z  WARN 1 --- [http-nio-8080-exec-8] com.structurizr.view.Configuration       : The Structurizr cloud service will reach its End of Life (EOL) on 30 September 2026 and this theme will not be available: https://static.structurizr.com/themes/default/theme.json
2026-09-29T05:37:42.371Z  WARN 1 --- [http-nio-8080-exec-8] com.structurizr.view.Configuration       : The Structurizr cloud service will reach its End of Life (EOL) on 30 September 2026 and this theme will not be available: https://static.structurizr.com/themes/default/theme.json
2026-09-29T05:37:42.561Z  WARN 1 --- [http-nio-8080-exec-4] com.structurizr.view.Configuration       : The Structurizr cloud service will reach its End of Life (EOL) on 30 September 2026 and this theme will not be available: https://static.structurizr.com/themes/default/theme.json
2026-09-29T05:37:42.561Z  WARN 1 --- [http-nio-8080-exec-5] com.structurizr.view.Configuration       : The Structurizr cloud service will reach its End of Life (EOL) on 30 September 2026 and this theme will not be available: https://static.structurizr.com/themes/default/theme.json
2026-09-29T05:37:42.626Z  WARN 1 --- [http-nio-8080-exec-10] com.structurizr.view.Configuration       : The Structurizr cloud service will reach its End of Life (EOL) on 30 September 2026 and this theme will not be available: https://static.structurizr.com/themes/default/theme.json
2026-09-29T05:37:42.626Z  WARN 1 --- [http-nio-8080-exec-1] com.structurizr.view.Configuration       : The Structurizr cloud service will reach its End of Life (EOL) on 30 September 2026 and this theme will not be available: https://static.structurizr.com/themes/default/theme.json
2026-09-29T05:37:42.626Z  WARN 1 --- [http-nio-8080-exec-6] com.structurizr.view.Configuration       : The Structurizr cloud service will reach its End of Life (EOL) on 30 September 2026 and this theme will not be available: https://static.structurizr.com/themes/default/theme.json
2026-09-29T05:37:42.626Z  WARN 1 --- [http-nio-8080-exec-8] com.structurizr.view.Configuration       : The Structurizr cloud service will reach its End of Life (EOL) on 30 September 2026 and this theme will not be available: https://static.structurizr.com/themes/default/theme.json
2026-09-29T05:37:42.626Z  WARN 1 --- [http-nio-8080-exec-9] com.structurizr.view.Configuration       : The Structurizr cloud service will reach its End of Life (EOL) on 30 September 2026 and this theme will not be available: https://static.structurizr.com/themes/default/theme.json
2026-09-29T05:37:42.627Z  WARN 1 --- [http-nio-8080-exec-3] com.structurizr.view.Configuration       : The Structurizr cloud service will reach its End of Life (EOL) on 30 September 2026 and this theme will not be available: https://static.structurizr.com/themes/default/theme.json
2026-09-29T05:37:42.640Z  WARN 1 --- [http-nio-8080-exec-2] com.structurizr.view.Configuration       : The Structurizr cloud service will reach its End of Life (EOL) on 30 September 2026 and this theme will not be available: https://static.structurizr.com/themes/default/theme.json
2026-09-29T05:37:42.640Z  WARN 1 --- [http-nio-8080-exec-7] com.structurizr.view.Configuration       : The Structurizr cloud service will reach its End of Life (EOL) on 30 September 2026 and this theme will not be available: https://static.structurizr.com/themes/default/theme.json
2026-09-29T05:37:42.640Z  WARN 1 --- [http-nio-8080-exec-5] com.structurizr.view.Configuration       : The Structurizr cloud service will reach its End of Life (EOL) on 30 September 2026 and this theme will not be available: https://static.structurizr.com/themes/default/theme.json
2026-09-29T05:37:42.641Z  WARN 1 --- [http-nio-8080-exec-4] com.structurizr.view.Configuration       : The Structurizr cloud service will reach its End of Life (EOL) on 30 September 2026 and this theme will not be available: https://static.structurizr.com/themes/default/theme.json
2026-09-29T05:37:42.733Z  WARN 1 --- [http-nio-8080-exec-1] com.structurizr.view.Configuration       : The Structurizr cloud service will reach its End of Life (EOL) on 30 September 2026 and this theme will not be available: https://static.structurizr.com/themes/default/theme.json
2026-09-29T05:37:43.839Z  WARN 1 --- [http-nio-8080-exec-10] com.structurizr.view.Configuration       : The Structurizr cloud service will reach its End of Life (EOL) on 30 September 2026 and this theme will not be available: https://static.structurizr.com/themes/default/theme.json
2026-09-29T05:38:55.645Z  WARN 1 --- [http-nio-8080-exec-5] com.structurizr.view.Configuration       : The Structurizr cloud service will reach its End of Life (EOL) on 30 September 2026 and this theme will not be available: https://static.structurizr.com/themes/default/theme.json
2026-09-29T05:38:56.209Z  WARN 1 --- [http-nio-8080-exec-9] com.structurizr.view.Configuration       : The Structurizr cloud service will reach its End of Life (EOL) on 30 September 2026 and this theme will not be available: https://static.structurizr.com/themes/default/theme.json
2026-09-29T05:39:02.199Z  WARN 1 --- [http-nio-8080-exec-1] com.structurizr.view.Configuration       : The Structurizr cloud service will reach its End of Life (EOL) on 30 September 2026 and this theme will not be available: https://static.structurizr.com/themes/default/theme.json
2026-09-29T05:39:02.576Z  WARN 1 --- [http-nio-8080-exec-10] com.structurizr.view.Configuration       : The Structurizr cloud service will reach its End of Life (EOL) on 30 September 2026 and this theme will not be available: https://static.structurizr.com/themes/default/theme.json
2026-09-29T05:39:03.105Z  WARN 1 --- [http-nio-8080-exec-8] com.structurizr.view.Configuration       : The Structurizr cloud service will reach its End of Life (EOL) on 30 September 2026 and this theme will not be available: https://static.structurizr.com/themes/default/theme.json
2026-09-29T05:39:03.642Z  WARN 1 --- [http-nio-8080-exec-4] com.structurizr.view.Configuration       : The Structurizr cloud service will reach its End of Life (EOL) on 30 September 2026 and this theme will not be available: https://static.structurizr.com/themes/default/theme.json
2026-09-29T05:45:22.194Z  WARN 1 --- [http-nio-8080-exec-6] com.structurizr.view.Configuration       : The Structurizr cloud service will reach its End of Life (EOL) on 30 September 2026 and this theme will not be available: https://static.structurizr.com/themes/default/theme.json
2026-09-29T05:45:24.143Z  WARN 1 --- [http-nio-8080-exec-2] com.structurizr.view.Configuration       : The Structurizr cloud service will reach its End of Life (EOL) on 30 September 2026 and this theme will not be available: https://static.structurizr.com/themes/default/theme.json
2026-09-29T05:45:25.396Z  WARN 1 --- [http-nio-8080-exec-7] com.structurizr.view.Configuration       : The Structurizr cloud service will reach its End of Life (EOL) on 30 September 2026 and this theme will not be available: https://static.structurizr.com/themes/default/theme.json
2026-09-29T05:45:28.885Z  WARN 1 --- [http-nio-8080-exec-5] com.structurizr.view.Configuration       : The Structurizr cloud service will reach its End of Life (EOL) on 30 September 2026 and this theme will not be available: https://static.structurizr.com/themes/default/theme.json
2026-09-29T05:45:33.596Z  WARN 1 --- [http-nio-8080-exec-9] com.structurizr.view.Configuration       : The Structurizr cloud service will reach its End of Life (EOL) on 30 September 2026 and this theme will not be available: https://static.structurizr.com/themes/default/theme.json
2026-09-29T05:45:34.775Z  WARN 1 --- [http-nio-8080-exec-1] com.structurizr.view.Configuration       : The Structurizr cloud service will reach its End of Life (EOL) on 30 September 2026 and this theme will not be available: https://static.structurizr.com/themes/default/theme.json
2026-09-29T05:45:41.454Z  WARN 1 --- [http-nio-8080-exec-10] com.structurizr.view.Configuration       : The Structurizr cloud service will reach its End of Life (EOL) on 30 September 2026 and this theme will not be available: https://static.structurizr.com/themes/default/theme.json
2026-09-29T05:45:42.859Z  WARN 1 --- [http-nio-8080-exec-8] com.structurizr.view.Configuration       : The Structurizr cloud service will reach its End of Life (EOL) on 30 September 2026 and this theme will not be available: https://static.structurizr.com/themes/default/theme.json
2026-09-29T05:45:46.590Z  WARN 1 --- [http-nio-8080-exec-4] com.structurizr.view.Configuration       : The Structurizr cloud service will reach its End of Life (EOL) on 30 September 2026 and this theme will not be available: https://static.structurizr.com/themes/default/theme.json
2026-09-29T05:45:47.405Z  WARN 1 --- [http-nio-8080-exec-3] com.structurizr.view.Configuration       : The Structurizr cloud service will reach its End of Life (EOL) on 30 September 2026 and this theme will not be available: https://static.structurizr.com/themes/default/theme.json
2026-09-29T05:45:56.798Z  WARN 1 --- [http-nio-8080-exec-6] com.structurizr.view.Configuration       : The Structurizr cloud service will reach its End of Life (EOL) on 30 September 2026 and this theme will not be available: https://static.structurizr.com/themes/default/theme.json
2026-09-29T05:45:57.257Z  WARN 1 --- [http-nio-8080-exec-2] com.structurizr.view.Configuration       : The Structurizr cloud service will reach its End of Life (EOL) on 30 September 2026 and this theme will not be available: https://static.structurizr.com/themes/default/theme.json
2026-09-29T05:46:15.831Z  WARN 1 --- [http-nio-8080-exec-7] com.structurizr.view.Configuration       : The Structurizr cloud service will reach its End of Life (EOL) on 30 September 2026 and this theme will not be available: https://static.structurizr.com/themes/default/theme.json
2026-09-29T05:46:16.386Z  WARN 1 --- [http-nio-8080-exec-5] com.structurizr.view.Configuration       : The Structurizr cloud service will reach its End of Life (EOL) on 30 September 2026 and this theme will not be available: https://static.structurizr.com/themes/default/theme.json
2026-09-29T05:47:56.174Z  WARN 1 --- [http-nio-8080-exec-1] com.structurizr.view.Configuration       : The Structurizr cloud service will reach its End of Life (EOL) on 30 September 2026 and this theme will not be available: https://static.structurizr.com/themes/default/theme.json
2026-09-29T05:47:56.546Z  WARN 1 --- [http-nio-8080-exec-10] com.structurizr.view.Configuration       : The Structurizr cloud service will reach its End of Life (EOL) on 30 September 2026 and this theme will not be available: https://static.structurizr.com/themes/default/theme.json
2026-09-29T05:47:56.690Z  WARN 1 --- [http-nio-8080-exec-8] com.structurizr.view.Configuration       : The Structurizr cloud service will reach its End of Life (EOL) on 30 September 2026 and this theme will not be available: https://static.structurizr.com/themes/default/theme.json
